Last login: Tue Feb  3 22:32:30 on ttys000
a1@Macbook-pro1 ~ % # 1. ĞŸĞ¾Ğ´ĞºĞ»ÑÑ‡Ğ¸Ñ‚ÑŒÑÑ Ğº VPS
ssh root@185.179.191.12

# 2. ĞŸÑ€Ğ¾Ğ²ĞµÑ€Ğ¸Ñ‚ÑŒ Ğ»Ğ¾Ğ³Ğ¸ Ñ‚ĞµĞ»ĞµĞ³Ñ€Ğ°Ğ¼Ğ°
cd /var/www/primetrack && pm2 logs primetrack --lines 200 | grep -i telegram

# 3. ĞŸÑ€Ğ¾Ğ²ĞµÑ€Ğ¸Ñ‚ÑŒ ÑƒÑÑ‚Ğ°Ğ½Ğ¾Ğ²Ğ»ĞµĞ½Ñ‹ Ğ»Ğ¸ Ğ¿ĞµÑ€ĞµĞ¼ĞµĞ½Ğ½Ñ‹Ğµ Ğ¾ĞºÑ€ÑƒĞ¶ĞµĞ½Ğ¸Ñ
cat /var/www/primetrack/.env | grep TELEGRAM

# 4. ĞŸÑ€Ğ¾Ğ²ĞµÑ€Ğ¸Ñ‚ÑŒ ÑÑ‚Ğ°Ñ‚ÑƒÑ Ğ¿Ñ€Ğ¸Ğ»Ğ¾Ğ¶ĞµĞ½Ğ¸Ñ
pm2 status primetrack

# 5. ĞŸĞµÑ€ĞµĞ·Ğ°Ğ¿ÑƒÑÑ‚Ğ¸Ñ‚ÑŒ ĞµÑĞ»Ğ¸ Ğ½ÑƒĞ¶Ğ½Ğ¾
pm2 restart primetrack

# 6. Ğ¡Ğ¼Ğ¾Ñ‚Ñ€ĞµÑ‚ÑŒ Ğ»Ğ¾Ğ³Ğ¸ Ğ² Ñ€ĞµĞ°Ğ»ÑŒĞ½Ğ¾Ğ¼ Ğ²Ñ€ĞµĞ¼ĞµĞ½Ğ¸
pm2 logs primetrack --lines 50
zsh: command not found: #
root@185.179.191.12's password: 
Ğ¢Ñ€ĞµĞºĞµÑ€ Keitaro ÑƒÑÑ‚Ğ°Ğ½Ğ¾Ğ²Ğ»ĞµĞ½ Ğ½Ğ° Ğ²Ğ°Ñˆ ÑĞµÑ€Ğ²ĞµÑ€. Ğ¡ÑÑ‹Ğ»ĞºĞ° Ğ´Ğ»Ñ Ğ²Ñ…Ğ¾Ğ´Ğ° Ğ² Ğ°Ğ´Ğ¼Ğ¸Ğ½ Ğ¿Ğ°Ğ½ĞµĞ»ÑŒ Ñ‚Ñ€ĞµĞºĞµÑ€Ğ°:

    http://185.179.191.12/admin

Ğ”Ğ»Ñ Ğ½Ğ°Ñ‡Ğ°Ğ»Ğ° Ñ€Ğ°Ğ±Ğ¾Ñ‚Ñ‹ Ğ¿ĞµÑ€ĞµĞ¹Ğ´Ğ¸Ñ‚Ğµ Ğ¿Ğ¾ ÑÑÑ‹Ğ»ĞºĞµ Ğ¸ ÑĞ»ĞµĞ´ÑƒĞ¹Ñ‚Ğµ Ğ¸Ğ½ÑÑ‚Ñ€ÑƒĞºÑ†Ğ¸Ğ¸. ĞšĞ»ÑÑ‡ Ğ»Ğ¸Ñ†ĞµĞ½Ğ·Ğ¸Ğ¸ Ğ¼Ğ¾Ğ¶Ğ½Ğ¾ Ğ¿Ğ¾ÑĞ¼Ğ¾Ñ‚Ñ€ĞµÑ‚ÑŒ Ğ² Ğ»Ğ¸Ñ‡Ğ½Ğ¾Ğ¼ ĞºĞ°Ğ±Ğ¸Ğ½ĞµÑ‚Ğµ Ğ½Ğ° ÑĞ°Ğ¹Ñ‚Ğµ keitaro.io, Ğ² Ñ€Ğ°Ğ·Ğ´ĞµĞ»Ğµ Ğ›Ğ¸Ñ†ĞµĞ½Ğ·Ğ¸Ğ¸.
Ğ¡Ğ¿Ğ°ÑĞ¸Ğ±Ğ¾ Ñ‡Ñ‚Ğ¾ Ğ²Ñ‹Ğ±Ñ€Ğ°Ğ»Ğ¸ Keitaro Ğ¸ WebHOST1.

Last failed login: Thu Feb  5 13:17:13 UTC 2026 from 213.209.159.158 on ssh:notty
There were 916 failed login attempts since the last successful login.
Last login: Wed Feb  4 19:08:05 2026 from 85.94.17.34
[root@v742573 ~]# cd /var/www/primetrack && pm2 logs primetrack --lines 200 | grep -i telegram
0|primetra | [TelegramSupport] No bot token configured
0|primetra | [TelegramSupport] Received update: {
0|primetra | [TelegramSupport] No bot token configured
0|primetra | [TelegramSupport] Received update: {
0|primetra | [TelegramSupport] No bot token configured
cat /var/www/primetrack/.env | grep TELEGRAM

^C
[root@v742573 primetrack]# cat /var/www/primetrack/.env | grep TELEGRAM
TELEGRAM_NOTIFY_BOT_TOKEN=8114656266:AAGJMYc4seDYkuvZ-cCxL2E4sobMAbwl7AQ
TELEGRAM_SUPPORT_BOT_TOKEN=8383877045:AAFLv1xFzAVz_0z1WaW2DSjV6jYsEFy-nCw
[root@v742573 primetrack]# pm2 status primetrack
â”Œâ”€â”€â”€â”€â”¬â”€â”€â”€â”€â”€â”€â”€â”€â”€â”€â”€â”€â”€â”€â”€â”€â”€â”€â”€â”€â”¬â”€â”€â”€â”€â”€â”€â”€â”€â”€â”€â”¬â”€â”€â”€â”€â”€â”€â”¬â”€â”€â”€â”€â”€â”€â”€â”€â”€â”€â”€â”¬â”€â”€â”€â”€â”€â”€â”€â”€â”€â”€â”¬â”€â”€â”€â”€â”€â”€â”€â”€â”€â”€â”
â”‚ id â”‚ name               â”‚ mode     â”‚ â†º    â”‚ status    â”‚ cpu      â”‚ memory   â”‚
â”œâ”€â”€â”€â”€â”¼â”€â”€â”€â”€â”€â”€â”€â”€â”€â”€â”€â”€â”€â”€â”€â”€â”€â”€â”€â”€â”¼â”€â”€â”€â”€â”€â”€â”€â”€â”€â”€â”¼â”€â”€â”€â”€â”€â”€â”¼â”€â”€â”€â”€â”€â”€â”€â”€â”€â”€â”€â”¼â”€â”€â”€â”€â”€â”€â”€â”€â”€â”€â”¼â”€â”€â”€â”€â”€â”€â”€â”€â”€â”€â”¤
â”‚ 0  â”‚ primetrack         â”‚ fork     â”‚ 13   â”‚ online    â”‚ 0%       â”‚ 267.2mb  â”‚
â””â”€â”€â”€â”€â”´â”€â”€â”€â”€â”€â”€â”€â”€â”€â”€â”€â”€â”€â”€â”€â”€â”€â”€â”€â”€â”´â”€â”€â”€â”€â”€â”€â”€â”€â”€â”€â”´â”€â”€â”€â”€â”€â”€â”´â”€â”€â”€â”€â”€â”€â”€â”€â”€â”€â”€â”´â”€â”€â”€â”€â”€â”€â”€â”€â”€â”€â”´â”€â”€â”€â”€â”€â”€â”€â”€â”€â”€â”˜
[root@v742573 primetrack]# pm2 restart primetrack
Use --update-env to update environment variables
[PM2] Applying action restartProcessId on app [primetrack](ids: [ 0 ])
[PM2] [primetrack](0) âœ“
â”Œâ”€â”€â”€â”€â”¬â”€â”€â”€â”€â”€â”€â”€â”€â”€â”€â”€â”€â”€â”€â”€â”€â”€â”€â”€â”€â”¬â”€â”€â”€â”€â”€â”€â”€â”€â”€â”€â”¬â”€â”€â”€â”€â”€â”€â”¬â”€â”€â”€â”€â”€â”€â”€â”€â”€â”€â”€â”¬â”€â”€â”€â”€â”€â”€â”€â”€â”€â”€â”¬â”€â”€â”€â”€â”€â”€â”€â”€â”€â”€â”
â”‚ id â”‚ name               â”‚ mode     â”‚ â†º    â”‚ status    â”‚ cpu      â”‚ memory   â”‚
â”œâ”€â”€â”€â”€â”¼â”€â”€â”€â”€â”€â”€â”€â”€â”€â”€â”€â”€â”€â”€â”€â”€â”€â”€â”€â”€â”¼â”€â”€â”€â”€â”€â”€â”€â”€â”€â”€â”¼â”€â”€â”€â”€â”€â”€â”¼â”€â”€â”€â”€â”€â”€â”€â”€â”€â”€â”€â”¼â”€â”€â”€â”€â”€â”€â”€â”€â”€â”€â”¼â”€â”€â”€â”€â”€â”€â”€â”€â”€â”€â”¤
â”‚ 0  â”‚ primetrack         â”‚ fork     â”‚ 14   â”‚ online    â”‚ 0%       â”‚ 18.3mb   â”‚
â””â”€â”€â”€â”€â”´â”€â”€â”€â”€â”€â”€â”€â”€â”€â”€â”€â”€â”€â”€â”€â”€â”€â”€â”€â”€â”´â”€â”€â”€â”€â”€â”€â”€â”€â”€â”€â”´â”€â”€â”€â”€â”€â”€â”´â”€â”€â”€â”€â”€â”€â”€â”€â”€â”€â”€â”´â”€â”€â”€â”€â”€â”€â”€â”€â”€â”€â”´â”€â”€â”€â”€â”€â”€â”€â”€â”€â”€â”˜
[root@v742573 primetrack]# pm2 logs primetrack --lines 50
[TAILING] Tailing last 50 lines for [primetrack] process (change the value with --lines option)
/root/.pm2/logs/primetrack-error.log last 50 lines:
0|primetra | Postback handler error: Error: Click not found
0|primetra |     at Hu.processConversion (/var/www/primetrack/dist/index.cjs:256:43391)
0|primetra |     at process.processTicksAndRejections (node:internal/process/task_queues:95:5)
0|primetra |     at async /var/www/primetrack/dist/index.cjs:256:121902
0|primetra | Postback handler error: Error: Click not found
0|primetra |     at Hu.processConversion (/var/www/primetrack/dist/index.cjs:256:43391)
0|primetra |     at process.processTicksAndRejections (node:internal/process/task_queues:95:5)
0|primetra |     at async /var/www/primetrack/dist/index.cjs:256:121902

/root/.pm2/logs/primetrack-out.log last 50 lines:
0|primetra |       "text": "ğŸ“© ĞĞ¾Ğ²Ğ¾Ğµ ÑĞ¾Ğ¾Ğ±Ñ‰ĞµĞ½Ğ¸Ğµ\n\nğŸ‘¤ ĞÑ‚: @YyyKk21 K\n\nĞ—Ğ´Ñ€Ğ°Ğ²ÑÑ‚Ğ²ÑƒĞ¹Ñ‚Ğµ! \n\nĞ£Ğ²Ğ¸Ğ´ĞµĞ» Ğ² Ğ¾Ğ´Ğ½Ğ¾Ğ¼ Ğ¸Ğ· Ñ‚ĞµĞ»ĞµĞ³Ñ€Ğ°Ğ¼-Ñ‡Ğ°Ñ‚Ğ¾Ğ² Ğ²Ğ°ÑˆÑƒ Ğ¿Ğ¿.\n\nĞšĞ°ĞºĞ¾Ğ¹ Ñƒ Ğ²Ğ°Ñ Ñ…Ğ¾Ğ»Ğ´ Ğ¿Ğ¾ Ğ²Ñ‹Ğ¿Ğ»Ğ°Ñ‚Ğ°Ñ…? Ğ˜Ğ»Ğ¸ Ğ¾Ñ‚ Ğ¾Ñ„Ñ„ĞµÑ€Ğ° Ğ·Ğ°Ğ²Ğ¸ÑĞ¸Ñ‚?",
0|primetra |       "entities": [
0|primetra |         {
0|primetra |           "offset": 3,
0|primetra |           "length": 15,
0|primetra |           "type": "bold"
0|primetra |         },
0|primetra |         {
0|primetra |           "offset": 23,
0|primetra |           "length": 3,
0|primetra |           "type": "bold"
0|primetra |         },
0|primetra |         {
0|primetra |           "offset": 27,
0|primetra |           "length": 8,
0|primetra |           "type": "mention"
0|primetra |         }
0|primetra |       ],
0|primetra |       "reply_markup": {
0|primetra |         "inline_keyboard": [
0|primetra |           [
0|primetra |             {
0|primetra |               "text": "ğŸ’¬ ĞÑ‚Ğ²ĞµÑ‚Ğ¸Ñ‚ÑŒ",
0|primetra |               "callback_data": "reply:a78e987f-302c-4831-a055-fad1c737e2cf"
0|primetra |             },
0|primetra |             {
0|primetra |               "text": "âŒ Ğ—Ğ°ĞºÑ€Ñ‹Ñ‚ÑŒ",
0|primetra |               "callback_data": "close:a78e987f-302c-4831-a055-fad1c737e2cf"
0|primetra |             }
0|primetra |           ]
0|primetra |         ]
0|primetra |       }
0|primetra |     },
0|primetra |     "chat_instance": "7391622890285858538",
0|primetra |     "data": "reply:a78e987f-302c-4831-a055-fad1c737e2cf"
0|primetra |   }
0|primetra | }
0|primetra | [TelegramSupport] No bot token configured
0|primetra | [session] Using PostgreSQL session store
0|primetra | [session] Cookie config: secure=true, sameSite=lax, isReplit=false
0|primetra | [shortId] Initializing short ID sequences and backfilling data...
0|primetra | [shortId] Short ID initialization complete
0|primetra | [seed] Subscription plans already exist, skipping
0|primetra | 1:19:41 PM [express] serving on port 3000
0|primetra | [HoldReleaseJob] Starting with interval 300000ms
0|primetra | [CapsResetService] Checking daily reset for 2026-02-05
0|primetra | [CapsResetService] Started, checking every minute
0|primetra | 1:19:41 PM [crypto] Crypto payout service ready (per-advertiser keys)
0|primetra | [CapsResetService] New month detected: 2026-02
0|primetra | 1:19:41 PM [aggregation] Daily stats aggregation completed: 4 rows


