2's password: 
NODE_ENV=production
DATABASE_URL=postgresql://neondb_owner:npg_vraWd8FOT9Lh@ep-late-smoke-agsrbh2u.c-2.eu-central-1.aws.neon.tech/neondb?sslmode=require
APP_DOMAIN=https://lak-dom.ru
PLATFORM_DOMAIN=lak-dom.ru
CORS_ORIGIN=https://lak-dom.ru
SESSION_SECRET=f0uPiJ07Fv1X6W0znJ6kYXXEehajHs+XUbvJAfDz7/sEv/b0NHW84ozzSrXy9BZaMIGPbZcodhRDRqXfHAl7hQ==
SESSION_COOKIE_DOMAIN=.lak-dom.ru
ENCRYPTION_KEY=6FNZjsGhkgQkRtg4lzi4aaNxJdwVysUH
CLOUDFLARE_API_TOKEN=RahzqgTD2hy3VAGwLND3dA9iG0NpL02niwWk3kgE
CLOUDFLARE_ZONE_ID=e742e8d60b47e769445517d1371355fb
CLOUDFLARE_CNAME_TARGET=customers.primetrack.pro
CLOUDFLARE_FALLBACK_ORIGIN=lak-dom.ru
CLOUDFLARE_WORKER_SECRET=Prime7846Track2024Secret!
TELEGRAM_NOTIFY_BOT_TOKEN=8114656266:AAGJMYc4seDYkuvZ-cCxL2E4sobMAbwl7AQ
TELEGRAM_SUPPORT_BOT_TOKEN=8383877045:AAFLv1xFzAVz_0z1WaW2DSjV6jYsEFy-nCw
RESEND_API_KEY=re_EYPJoiYf_MqQj2HXNXkd7dZUCnVqGFtuT
R2_ACCESS_KEY_ID=15273ea1523e7f6fa2c5894194253c83
R2_SECRET_ACCESS_KEY=5e8363eea9be633855227cd7660111f056230801a27c7ff8ac07b16594947edd
R2_ENDPOINT=https://f0a36ec75b07cdaa35a7e6ab015cf770.r2.cloudflarestorage.com
R2_BUCKET_NAME=primetrack-uploads
R2_PUBLIC_URL=https://pub-a0f25c897d8747eaa5408dc0e1dc8401.r2.dev
BINANCE_API_KEY=cfghyjhgy789ijhvfguiuhbb
PRIVATE_OBJECT_DIR=/var/www/primetrack/uploads
PUBLIC_OBJECT_SEARCH_PATHS=/var/www/primetrack/uploads/public
PORT=3000
a1@Macbook-pro1 ~ % ssh root@185.179.191.12 "cp /var/www/primetrack_old/.env /var/www/primetrack/.env"
root@185.179.191.12's password: 
a1@Macbook-pro1 ~ % ssh root@185.179.191.12 "cd /var/www/primetrack && npm install"
root@185.179.191.12's password: 
npm error code ENOENT
npm error syscall open
npm error path /var/www/primetrack/package.json
npm error errno -2
npm error enoent Could not read package.json: Error: ENOENT: no such file or directory, open '/var/www/primetrack/package.json'
npm error enoent This is related to npm not being able to find a file.
npm error enoent
npm error A complete log of this run can be found in: /root/.npm/_logs/2026-01-31T15_32_50_385Z-debug-0.log
a1@Macbook-pro1 ~ % ssh root@185.179.191.12 "cd /var/www && rm -rf primetrack && git clone https://github.com/pronto1245/Primetrack-.git primetrack"
root@185.179.191.12's password: 
Cloning into 'primetrack'...
Updating files: 100% (510/510), done.
a1@Macbook-pro1 ~ % ssh root@185.179.191.12 "cp /var/www/primetrack_old/.env /var/www/primetrack/.env"
root@185.179.191.12's password: 
a1@Macbook-pro1 ~ % ssh root@185.179.191.12 "cd /var/www/primetrack && npm install"
root@185.179.191.12's password: 
npm warn deprecated inflight@1.0.6: This module is not supported, and leaks memory. Do not use it. Check out lru-cache if you want a good and tested way to coalesce async requests by a key value, which is much more comprehensive and powerful.
npm warn deprecated @esbuild-kit/esm-loader@2.6.5: Merged into tsx: https://tsx.is
npm warn deprecated rimraf@2.7.1: Rimraf versions prior to v4 are no longer supported
npm warn deprecated rimraf@2.7.1: Rimraf versions prior to v4 are no longer supported
npm warn deprecated lodash.isequal@4.5.0: This package is deprecated. Use require('node:util').isDeepStrictEqual instead.
npm warn deprecated @esbuild-kit/core-utils@3.3.2: Merged into tsx: https://tsx.is
npm warn deprecated glob@7.2.3: Glob versions prior to v9 are no longer supported
npm warn deprecated glob@7.2.3: Glob versions prior to v9 are no longer supported
npm warn deprecated glob@7.2.3: Glob versions prior to v9 are no longer supported
npm warn deprecated glob@7.2.3: Glob versions prior to v9 are no longer supported
шnpm warn deprecated fstream@1.0.12: This package is no longer supported.
npm warn deprecated node-domexception@1.0.0: Use your platform's native DOMException instead
ЬЛз6у
added 1011 packages, and audited 1012 packages in 20s

128 packages are looking for funding
  run `npm fund` for details

33 vulnerabilities (2 low, 5 moderate, 26 high)

To address issues that do not require attention, run:
  npm audit fix

To address all issues (including breaking changes), run:
  npm audit fix --force

Run `npm audit` for details.
a1@Macbook-pro1 ~ % ssh root@185.179.191.12 "cd /var/www/primetrack && npm run build"
root@185.179.191.12's password: 

> rest-express@1.0.0 build
> tsx script/build.ts

building client...
vite v7.1.12 building for production...
transforming...
[plugin vite:esbuild] client/src/lib/i18n.ts: Duplicate key "migration" in object literal
547 |            subtitle: "Full toolkit for advertisers"
548 |          },
549 |          migration: {
    |          ^
550 |            title: "Migration from other trackers",
551 |            subtitle: "Transfer offers, campaigns, subIDs and conversion history in 10-15 minutes. Without stopping tra...

✓ 3877 modules transformed.
rendering chunks...
[meta-images] no Replit deployment domain found, skipping meta tag updates
computing gzip size...
../dist/public/index.html                                                       2.15 kB │ gzip:   0.84 kB
../dist/public/assets/Снимок_09.01.2026_в_21.12_1767983590330-BAhPDH0M.png    258.13 kB
../dist/public/assets/Снимок_09.01.2026_в_21.12_1767983590340-Bp90ddAd.png    362.74 kB
../dist/public/assets/Снимок_09.01.2026_в_21.11_1767983590341-gQeC2xVZ.png    403.46 kB
../dist/public/assets/index-Dt-nmw6a.css                                      195.95 kB │ gzip:  28.11 kB
../dist/public/assets/index-C9uzdNbJ.js                                     2,581.86 kB │ gzip: 672.67 kB
✓ built in 21.02s
building server...

(!) Some chunks are larger than 500 kB after minification. Consider:
- Using dynamic import() to code-split the application
- Use build.rollupOptions.output.manualChunks to improve chunking: https://rollupjs.org/configuration-options/#output-manualchunks
- Adjust chunk size limit for this warning via build.chunkSizeWarningLimit.
▲ [WARNING] "import.meta" is not available with the "cjs" output format and will be empty [empty-import-meta]

    server/services/finance-pdf-service.ts:4:30:
      4 │ const require = createRequire(import.meta.url);
        ╵                               ~~~~~~~~~~~

  You need to set the output format to "esm" for "import.meta" to work correctly.

▲ [WARNING] "import.meta" is not available with the "cjs" output format and will be empty [empty-import-meta]

    server/services/finance-pdf-service.ts:10:45:
      10 │ const __dirname = path.dirname(fileURLToPath(import.meta.url));
         ╵                                              ~~~~~~~~~~~

  You need to set the output format to "esm" for "import.meta" to work correctly.

▲ [WARNING] "import.meta" is not available with the "cjs" output format and will be empty [empty-import-meta]

    server/services/invoice-pdf-service.ts:4:30:
      4 │ const require = createRequire(import.meta.url);
        ╵                               ~~~~~~~~~~~

  You need to set the output format to "esm" for "import.meta" to work correctly.

▲ [WARNING] "import.meta" is not available with the "cjs" output format and will be empty [empty-import-meta]

    server/services/invoice-pdf-service.ts:12:45:
      12 │ const __dirname = path.dirname(fileURLToPath(import.meta.url));
         ╵                                              ~~~~~~~~~~~

  You need to set the output format to "esm" for "import.meta" to work correctly.

4 warnings

  dist/index.cjs  1.6mb ⚠️

⚡ Done in 1456ms
a1@Macbook-pro1 ~ % ssh root@185.179.191.12 "pm2 restart primetrack"
root@185.179.191.12's password: 
Use --update-env to update environment variables
[PM2] Applying action restartProcessId on app [primetrack](ids: [ 0 ])
[PM2] [primetrack](0) ✓
┌────┬───────────────┬─────────────┬─────────┬─────────┬──────────┬────────┬──────┬───────────┬──────────┬──────────┬──────────┬──────────┐
│ id │ name          │ namespace   │ version │ mode    │ pid      │ uptime │ ↺    │ status    │ cpu      │ mem      │ user     │ watching │
├────┼───────────────┼─────────────┼─────────┼─────────┼──────────┼────────┼──────┼───────────┼──────────┼──────────┼──────────┼──────────┤
│ 0  │ primetrack    │ default     │ 1.0.0   │ fork    │ 942094   │ 0s     │ 1    │ online    │ 0%       │ 12.6mb   │ root     │ disabled │
└────┴───────────────┴─────────────┴─────────┴─────────┴──────────┴────────┴──────┴───────────┴──────────┴──────────┴──────────┴──────────┘
a1@Macbook-pro1 ~ % 